// Jest Snapshot v1, https://goo.gl/fbAQLP

exports[`SummaryCounter should display in the document with correct styles 1`] = `
.c1 {
  margin-bottom: 0.5rem;
  font-size: 20px;
  font-weight: 400;
  text-transform: uppercase;
  color: #446DF6;
}

.c0 {
  display: -webkit-box;
  display: -webkit-flex;
  display: -ms-flexbox;
  display: flex;
  -webkit-flex-direction: column;
  -ms-flex-direction: column;
  flex-direction: column;
  -webkit-align-items: center !important;
  -webkit-box-align: center !important;
  -ms-flex-align: center !important;
  align-items: center !important;
  -webkit-box-pack: center;
  -webkit-justify-content: center;
  -ms-flex-pack: center;
  justify-content: center;
  width: 100%;
  height: 12rem;
  text-align: center;
}

.c0:not(:first-of-type) {
  border-left: 1px solid #F0F0FD;
}

@media (max-width:850px) {
  .c0 {
    border-bottom: 1px solid #F0F0FD;
  }
}

<div
  class="c0"
>
  <h5
    class="c1"
  >
    test-title
  </h5>
  <p>
    1
  </p>
</div>
`;
