// Jest Snapshot v1, https://goo.gl/fbAQLP

exports[`ComboInput should display in the document with correct styles 1`] = `
.c0 {
  padding-left: 0.5rem;
  margin-bottom: 1rem;
  width: 100%;
  height: 3rem;
  font-size: 16px;
}

<input
  class="c0"
/>
`;
