// Jest Snapshot v1, https://goo.gl/fbAQLP

exports[`Footer should display in the document with correct styles 1`] = `
.c0 {
  display: -webkit-box;
  display: -webkit-flex;
  display: -ms-flexbox;
  display: flex;
  -webkit-box-pack: center;
  -webkit-justify-content: center;
  -ms-flex-pack: center;
  justify-content: center;
  -webkit-align-items: center;
  -webkit-box-align: center;
  -ms-flex-align: center;
  align-items: center;
  margin: 0;
  height: -webkit-fit-content;
  height: -moz-fit-content;
  height: fit-content;
  background: #446DF644;
}

<footer
  class="c0"
>
  <a
    href="https://mateuszgruzla.pl/"
    rel="noreferrer"
    target="_blank"
  >
    App created by Mateusz Gru≈∫la
  </a>
</footer>
`;
