// Jest Snapshot v1, https://goo.gl/fbAQLP

exports[`Logo should display in the document with correct styles 1`] = `
.c0 {
  display: inline-block;
  padding: 1rem 2rem;
  margin-top: 0;
  font-weight: 700;
  color: #000 !important;
  border-left: 1px solid #F0F0FD;
  background: none;
  -webkit-transition: -webkit-transform 0.25s;
  -webkit-transition: transform 0.25s;
  transition: transform 0.25s;
  border: none;
}

.c0:hover {
  -webkit-transform: translateY(-2px);
  -ms-transform: translateY(-2px);
  transform: translateY(-2px);
}

.c1 {
  display: -webkit-box;
  display: -webkit-flex;
  display: -ms-flexbox;
  display: flex;
  -webkit-align-items: center;
  -webkit-box-align: center;
  -ms-flex-align: center;
  align-items: center;
  -webkit-box-pack: center;
  -webkit-justify-content: center;
  -ms-flex-pack: center;
  justify-content: center;
  font-size: 20px;
  font-weight: 700;
}

.c2 {
  width: 6rem;
}

@media (max-width:1300px) {
  .c3 {
    display: none;
  }
}

<a
  class="c0"
  href="/"
  linktype=""
>
  <span
    class="c1"
  >
    <svg
      class="c2"
    >
      logo.svg
    </svg>
    <span
      class="c3"
    >
      Invoicer.v1
    </span>
  </span>
</a>
`;
