// Jest Snapshot v1, https://goo.gl/fbAQLP

exports[`ErrorMSG should display in the document with correct styles 1`] = `
.c0 {
  margin-bottom: 1rem;
  width: 100%;
  font-size: 14px;
  color: #F25C54;
}

<span
  class="c0"
/>
`;
