// Jest Snapshot v1, https://goo.gl/fbAQLP

exports[`WarningPopup should render in the document with correct styles  1`] = `
.c0 {
  display: -webkit-box;
  display: -webkit-flex;
  display: -ms-flexbox;
  display: flex;
  -webkit-box-pack: center;
  -webkit-justify-content: center;
  -ms-flex-pack: center;
  justify-content: center;
  -webkit-align-items: center;
  -webkit-box-align: center;
  -ms-flex-align: center;
  align-items: center;
  position: absolute;
  width: 100%;
  height: 100%;
  top: 0;
  left: 0;
  background: #00000055;
  z-index: 50000;
  -webkit-backdrop-filter: blur(2px);
  backdrop-filter: blur(2px);
  display: -webkit-box;
  display: -webkit-flex;
  display: -ms-flexbox;
  display: flex;
}

.c1 {
  position: absolute;
  text-align: center;
  padding: 2rem 3rem;
  width: 80%;
  height: -webkit-fit-content;
  height: -moz-fit-content;
  height: fit-content;
  background: #F8F8FF;
  border-radius: 5px;
}

.c2 {
  margin: 2rem;
  font-size: 24px !important;
}

.c3 {
  padding: 2rem;
  text-align: left;
}

<div
  class="c0"
  data-testid="warning-popup"
  style="opacity: 1; visibility: inherit;"
>
  <div
    class="c1"
  >
    <h3
      class="c2"
    >
      test-warning-popup
    </h3>
    <p
      class="c3"
    >
      <span>
        children
      </span>
    </p>
  </div>
</div>
`;
